OK 1 acc-1 OPENED USD
OK 2 acc-1 +100.00 100.00
OK 3 acc-1 +25.00 125.00
OK 4 acc-1 -30.00 95.00
OK 5 acc-1 FROZEN
REJECTED account-frozen account=acc-1
BALANCE acc-1 95.00 USD
OK 6 acc-1 UNFROZEN
REJECTED insufficient-funds account=acc-1 balance=95.00 requested=100.00
ERROR unknown-command deposit
REJECTED non-zero-balance account=acc-1 balance=95.00
OK 7 acc-1 -95.00 0.00
OK 8 acc-1 CLOSED
REJECTED account-closed account=acc-1
