OK 1 acc-1 OPENED USD
OK 2 acc-1 +100.00 100.00
OK 3 acc-1 +25.00 125.00
OK 4 acc-1 -30.00 95.00
OK 5 acc-1 FROZEN
OK 6 acc-1 UNFROZEN
OK 7 acc-2 OPENED USD
OK 8 acc-1 -50.00 45.00 xfer=t1
OK 9 acc-2 +50.00 50.00 xfer=t1
HISTORY acc-1 7
  1 OPENED USD
  2 +100.00 100.00
  3 +25.00 125.00
  4 -30.00 95.00
  5 FROZEN
  6 UNFROZEN
  8 -50.00 45.00 xfer=t1
BALANCE acc-2 50.00 USD
SUMMARY acc-1 1 9 opening=0.00 credits=125.00 debits=80.00 closing=45.00 count=7
SUMMARY acc-1 3 4 opening=100.00 credits=25.00 debits=30.00 closing=95.00 count=2
SUMMARY acc-2 1 7 opening=0.00 credits=0.00 debits=0.00 closing=0.00 count=1
