OK 1 x OPENED USD
OK 2 y OPENED USD
OK 3 z OPENED USD
OK 4 x +100.00 100.00
OK 5 x -10.00 90.00 xfer=t1
OK 6 y +10.00 10.00 xfer=t1
OK 7 y -5.00 5.00 xfer=t2
OK 8 z +5.00 5.00 xfer=t2
OK 9 z -1.00 4.00 xfer=t3
OK 10 x +1.00 91.00 xfer=t3
OK 11 y FROZEN
OK 12 y UNFROZEN
OK 13 x -20.00 71.00 xfer=t4
OK 14 y +20.00 25.00 xfer=t4
OK 15 z -4.00 0.00
OK 16 z CLOSED
SUMMARY x 5 5 opening=100.00 credits=0.00 debits=10.00 closing=90.00 count=1
SUMMARY x 6 6 opening=90.00 credits=0.00 debits=0.00 closing=90.00 count=0
SUMMARY y 6 6 opening=0.00 credits=10.00 debits=0.00 closing=10.00 count=1
SUMMARY y 5 8 opening=0.00 credits=10.00 debits=5.00 closing=5.00 count=2
SUMMARY y 8 9 opening=5.00 credits=0.00 debits=0.00 closing=5.00 count=0
SUMMARY y 9 14 opening=5.00 credits=20.00 debits=0.00 closing=25.00 count=3
REJECTED account-closed account=z
REJECTED account-closed account=z
SUMMARY x 6 13 opening=90.00 credits=1.00 debits=20.00 closing=71.00 count=2
SUMMARY x 15 99 opening=71.00 credits=0.00 debits=0.00 closing=71.00 count=0
SUMMARY x 1 3 opening=0.00 credits=0.00 debits=0.00 closing=0.00 count=1
SUMMARY y 1 1 opening=0.00 credits=0.00 debits=0.00 closing=0.00 count=0
REJECTED account-closed account=z
HISTORY x 5
  1 OPENED USD
  4 +100.00 100.00
  5 -10.00 90.00 xfer=t1
  10 +1.00 91.00 xfer=t3
  13 -20.00 71.00 xfer=t4
HISTORY y 6
  2 OPENED USD
  6 +10.00 10.00 xfer=t1
  7 -5.00 5.00 xfer=t2
  11 FROZEN
  12 UNFROZEN
  14 +20.00 25.00 xfer=t4
REJECTED account-closed account=z
SUMMARY x 0 0 opening=0.00 credits=0.00 debits=0.00 closing=0.00 count=0
ERROR bad-range 7-6
ERROR bad-sequence seven
ERROR bad-arguments SUMMARY
ERROR bad-arguments HISTORY
ERROR bad-arguments HISTORY
OK 17 x FROZEN
SUMMARY x 1 16 opening=0.00 credits=101.00 debits=30.00 closing=71.00 count=5
HISTORY x 6
  1 OPENED USD
  4 +100.00 100.00
  5 -10.00 90.00 xfer=t1
  10 +1.00 91.00 xfer=t3
  13 -20.00 71.00 xfer=t4
  17 FROZEN
BALANCE x 71.00 USD
BALANCE y 25.00 USD
