OK 1 acc-01 OPENED GBP
OK 2 acc-02 OPENED GBP
ERROR bad-currency EURO
BALANCE acc-01 0.00 GBP
OK 3 acc-02 FROZEN
OK 4 acc-03 OPENED USD
REJECTED unknown-account account=ghost-1
OK 5 acc-04 OPENED USD
OK 6 acc-05 OPENED GBP
ERROR bad-arguments OPEN
ERROR bad-amount 5.
REJECTED account-exists account=acc-04
ERROR unknown-command OPENED
OK 7 acc-06 OPENED USD
OK 8 acc-04 +124.34 124.34
BALANCE acc-01 0.00 GBP
OK 9 acc-04 +1.41 125.75
OK 10 acc-07 OPENED GBP
OK 11 acc-04 -48.25 77.50
OK 12 acc-05 FROZEN
REJECTED account-frozen account=acc-05
REJECTED non-positive-amount account=acc-03 amount=-0.01
REJECTED insufficient-funds account=acc-01 balance=0.00 requested=43.50
OK 13 acc-04 -23.96 53.54
REJECTED non-zero-balance account=acc-04 balance=53.54
OK 14 acc-08 OPENED EUR
OK 15 acc-01 CLOSED
OK 16 acc-04 -45.91 7.63
REJECTED account-closed account=acc-01
OK 17 acc-02 UNFROZEN
OK 18 acc-09 OPENED GBP
REJECTED unsupported-currency currency=CHF
REJECTED non-zero-balance account=acc-04 balance=7.63
OK 19 acc-08 +102.79 102.79
OK 20 acc-05 UNFROZEN
OK 21 acc-07 FROZEN
BALANCE acc-05 0.00 GBP
REJECTED unknown-account account=ghost-2
REJECTED account-frozen account=acc-07
OK 22 acc-02 FROZEN
OK 23 acc-02 UNFROZEN
OK 24 acc-07 UNFROZEN
REJECTED unsupported-currency currency=BTC
REJECTED non-positive-amount account=acc-02 amount=-0.01
OK 25 acc-02 +78.93 78.93
OK 26 acc-06 CLOSED
REJECTED insufficient-funds account=acc-05 balance=0.00 requested=12.86
OK 27 acc-12 OPENED USD
OK 28 acc-02 +2.65 81.58
OK 29 acc-13 OPENED USD
OK 30 acc-07 +10.31 10.31
REJECTED account-closed account=acc-06
REJECTED account-exists account=acc-03
OK 31 acc-02 -26.74 54.84
REJECTED unknown-account account=ghost-3
REJECTED non-zero-balance account=acc-08 balance=102.79
OK 32 acc-02 +0.91 55.75
OK 33 acc-05 CLOSED
OK 34 acc-04 +502.55 510.18
OK 35 acc-04 -480.82 29.36
OK 36 acc-13 +10.80 10.80
OK 37 acc-13 -5.39 5.41
REJECTED insufficient-funds account=acc-04 balance=29.36 requested=78.44
OK 38 acc-04 -13.90 15.46
OK 39 acc-14 OPENED USD
BALANCE acc-04 15.46 USD
OK 40 acc-08 +3.59 106.38
OK 41 acc-14 +4.40 4.40
OK 42 acc-03 +4.97 4.97
OK 43 acc-09 +12.53 12.53
OK 44 acc-04 FROZEN
OK 45 acc-13 -3.27 2.14
OK 46 acc-09 +2.56 15.09
OK 47 acc-08 FROZEN
OK 48 acc-02 +102.61 158.36
OK 49 acc-02 +126.37 284.73
REJECTED account-frozen account=acc-08
OK 50 acc-08 UNFROZEN
OK 51 acc-12 CLOSED
REJECTED non-positive-amount account=acc-07 amount=-250.50
REJECTED account-closed account=acc-05
BALANCE acc-14 4.40 USD
BALANCE acc-13 2.14 USD
OK 52 acc-15 OPENED EUR
REJECTED account-exists account=acc-02
OK 53 acc-13 -1.26 0.88
REJECTED unsupported-currency currency=JPY
REJECTED non-zero-balance account=acc-09 balance=15.09
REJECTED unsupported-currency currency=BTC
REJECTED account-frozen account=acc-04
OK 54 acc-03 +100.05 105.02
OK 55 acc-07 FROZEN
REJECTED account-exists account=acc-08
OK 56 acc-13 -0.52 0.36
REJECTED non-positive-amount account=acc-15 amount=-250.50
OK 57 acc-18 OPENED GBP
OK 58 acc-19 OPENED USD
OK 59 acc-13 -0.25 0.11
REJECTED account-closed account=acc-12
BALANCE acc-02 284.73 GBP
OK 60 acc-02 +0.36 285.09
OK 61 acc-18 +501.90 501.90
BALANCE acc-09 15.09 GBP
OK 62 acc-02 FROZEN
OK 63 acc-14 -3.50 0.90
REJECTED insufficient-funds account=acc-18 balance=501.90 requested=509.61
OK 64 acc-20 OPENED GBP
REJECTED unknown-account account=ghost-4
REJECTED insufficient-funds account=acc-18 balance=501.90 requested=546.41
REJECTED unsupported-currency currency=CHF
OK 65 acc-03 -98.80 6.22
OK 66 acc-13 -0.02 0.09
OK 67 acc-20 +123.47 123.47
REJECTED account-frozen account=acc-02
BALANCE acc-09 15.09 GBP
ERROR bad-account-id a2345678901234567890123456789012x
REJECTED non-positive-amount account=acc-19 amount=-250.50
OK 68 acc-08 +10.93 117.31
OK 69 acc-02 UNFROZEN
OK 70 acc-20 FROZEN
OK 71 acc-14 +3.78 4.68
OK 72 acc-18 -140.83 361.07
REJECTED unknown-account account=ghost-5
OK 73 acc-03 +1.47 7.69
OK 74 acc-04 UNFROZEN
OK 75 acc-13 +11.37 11.46
OK 76 acc-03 -3.73 3.96
OK 77 acc-18 -309.25 51.82
REJECTED account-closed account=acc-12
OK 78 acc-18 +12.35 64.17
OK 79 acc-04 -5.08 10.38
REJECTED account-exists account=acc-06
OK 80 acc-20 UNFROZEN
OK 81 acc-09 -0.54 14.55
OK 82 acc-18 -52.32 11.85
BALANCE acc-14 4.68 USD
OK 83 acc-14 -1.74 2.94
REJECTED non-zero-balance account=acc-18 balance=11.85
OK 84 acc-14 +2.40 5.34
BALANCE acc-08 117.31 EUR
OK 85 acc-07 UNFROZEN
OK 86 acc-13 +78.88 90.34
OK 87 acc-13 FROZEN
OK 88 acc-13 UNFROZEN
REJECTED account-exists account=acc-03
BALANCE acc-02 285.09 GBP
OK 89 acc-03 +10.68 14.64
OK 90 acc-03 -9.31 5.33
REJECTED insufficient-funds account=acc-09 balance=14.55 requested=16.53
REJECTED unknown-account account=ghost-6
ERROR bad-currency EURO
REJECTED account-closed account=acc-05
REJECTED non-zero-balance account=acc-14 balance=5.34
OK 91 acc-07 +500.97 511.28
REJECTED non-positive-amount account=acc-18 amount=-250.50
OK 92 acc-18 +27.42 39.27
ERROR bad-amount 1.005
OK 93 acc-07 -19.56 491.72
OK 94 acc-07 -121.98 369.74
REJECTED unsupported-currency currency=JPY
OK 95 acc-15 +0.42 0.42
OK 96 acc-08 FROZEN
OK 97 acc-08 UNFROZEN
OK 98 acc-13 FROZEN
OK 99 acc-14 FROZEN
BALANCE acc-14 5.34 USD
OK 100 acc-13 UNFROZEN
REJECTED account-frozen account=acc-14
OK 101 acc-20 -104.94 18.53
OK 102 acc-09 +11.19 25.74
BALANCE acc-20 18.53 GBP
BALANCE acc-09 25.74 GBP
REJECTED unknown-account account=ghost-7
OK 103 acc-13 -39.41 50.93
OK 104 acc-03 +101.59 106.92
OK 105 acc-15 +2.57 2.99
OK 106 acc-14 UNFROZEN
BALANCE acc-14 5.34 USD
REJECTED unsupported-currency currency=JPY
REJECTED account-closed account=acc-06
OK 107 acc-07 -301.83 67.91
OK 108 acc-13 +26.18 77.11
OK 109 acc-15 -0.72 2.27
OK 110 acc-19 +2.61 2.61
REJECTED non-positive-amount account=acc-04 amount=-250.50
OK 111 acc-18 FROZEN
BALANCE acc-07 67.91 GBP
OK 112 acc-13 +78.31 155.42
REJECTED non-zero-balance account=acc-13 balance=155.42
OK 113 acc-20 -12.73 5.80
BALANCE acc-13 155.42 USD
OK 114 acc-20 -0.44 5.36
REJECTED account-frozen account=acc-18
OK 115 acc-08 +125.44 242.75
OK 116 acc-04 -8.72 1.66
OK 117 acc-13 -5.13 150.29
REJECTED insufficient-funds account=acc-03 balance=106.92 requested=113.77
OK 118 acc-18 UNFROZEN
OK 119 acc-04 +10.43 12.09
OK 120 acc-13 +27.18 177.47
OK 121 acc-20 -2.35 3.01
REJECTED account-exists account=acc-01
OK 122 acc-03 +2.64 109.56
ERROR unknown-command HELP
OK 123 acc-07 +502.42 570.33
OK 124 acc-13 +2.78 180.25
OK 125 acc-19 +27.50 30.11
OK 126 acc-08 +10.06 252.81
OK 127 acc-13 -177.84 2.41
OK 128 acc-07 -315.34 254.99
REJECTED insufficient-funds account=acc-04 balance=12.09 requested=60.54
OK 129 acc-03 -38.38 71.18
BALANCE acc-15 2.27 EUR
OK 130 acc-15 -1.52 0.75
BALANCE acc-08 252.81 EUR
OK 131 acc-15 FROZEN
OK 132 acc-15 UNFROZEN
REJECTED account-closed account=acc-05
OK 133 acc-04 +0.87 12.96
REJECTED unsupported-currency currency=XXX
REJECTED unknown-account account=ghost-8
OK 134 acc-07 +10.66 265.65
BALANCE acc-03 71.18 USD
OK 135 acc-02 FROZEN
OK 136 acc-14 +10.20 15.54
REJECTED non-zero-balance account=acc-04 balance=12.96
REJECTED non-positive-amount account=acc-13 amount=0.00
OK 137 acc-15 +1.15 1.90
BALANCE acc-03 71.18 USD
REJECTED account-frozen account=acc-02
ERROR bad-account-id ACC-13
REJECTED account-exists account=acc-14
OK 138 acc-07 FROZEN
OK 139 acc-08 +0.18 252.99
REJECTED non-positive-amount account=acc-15 amount=-1.00
OK 140 acc-02 UNFROZEN
OK 141 acc-03 -23.55 47.63
REJECTED unknown-account account=ghost-9
OK 142 acc-07 UNFROZEN
BALANCE acc-03 47.63 USD
REJECTED insufficient-funds account=acc-09 balance=25.74 requested=26.57
OK 143 acc-13 +500.70 503.11
OK 144 acc-04 +102.17 115.13
BALANCE acc-08 252.99 EUR
OK 145 acc-03 -12.79 34.84
OK 146 acc-19 -8.00 22.11
OK 147 acc-04 FROZEN
OK 148 acc-15 +0.61 2.51
REJECTED account-frozen account=acc-04
OK 149 acc-20 FROZEN
OK 150 acc-09 +3.41 29.15
BALANCE acc-15 2.51 EUR
OK 151 acc-03 +123.61 158.45
REJECTED non-zero-balance account=acc-04 balance=115.13
REJECTED unsupported-currency currency=JPY
OK 152 acc-09 +1.99 31.14
OK 153 acc-20 UNFROZEN
OK 154 acc-15 FROZEN
REJECTED account-exists account=acc-12
REJECTED account-closed account=acc-06
OK 155 acc-08 -189.39 63.60
REJECTED non-zero-balance account=acc-15 balance=2.51
OK 156 acc-02 -164.50 120.59
OK 157 acc-20 +10.53 13.54
OK 158 acc-19 -0.07 22.04
OK 159 acc-18 -30.84 8.43
OK 160 acc-09 FROZEN
BALANCE acc-15 2.51 EUR
OK 161 acc-18 +25.66 34.09
BALANCE acc-09 31.14 GBP
OK 162 acc-19 +27.24 49.28
OK 163 acc-02 +3.06 123.65
OK 164 acc-14 -8.27 7.27
OK 165 acc-20 +501.19 514.73
OK 166 acc-18 +1.48 35.57
OK 167 acc-09 UNFROZEN
REJECTED unsupported-currency currency=CHF
OK 168 acc-15 UNFROZEN
REJECTED account-closed account=acc-01
OK 169 acc-04 UNFROZEN
REJECTED insufficient-funds account=acc-15 balance=2.51 requested=44.99
OK 170 acc-04 FROZEN
REJECTED account-exists account=acc-19
OK 171 acc-20 FROZEN
REJECTED non-positive-amount account=acc-07 amount=-0.01
OK 172 acc-07 -229.25 36.40
OK 173 acc-20 UNFROZEN
REJECTED account-frozen account=acc-04
REJECTED unknown-account account=ghost-10
OK 174 acc-15 FROZEN
OK 175 acc-20 +0.24 514.97
ERROR bad-arguments OPEN
REJECTED account-frozen account=acc-04
OK 176 acc-15 UNFROZEN
OK 177 acc-08 -30.59 33.01
REJECTED account-closed account=acc-12
OK 178 acc-18 FROZEN
REJECTED non-positive-amount account=acc-07 amount=0.00
OK 179 acc-18 UNFROZEN
OK 180 acc-13 -177.56 325.55
OK 181 acc-19 +2.10 51.38
OK 182 acc-13 +1.89 327.44
BALANCE acc-04 115.13 USD
OK 183 acc-04 UNFROZEN
OK 184 acc-08 -8.73 24.28
BALANCE acc-09 31.14 GBP
OK 185 acc-13 +79.53 406.97
OK 186 acc-19 +124.03 175.41
OK 187 acc-14 -3.87 3.40
OK 188 acc-13 FROZEN
OK 189 acc-19 +502.89 678.30
OK 190 acc-02 FROZEN
OK 191 acc-03 FROZEN
REJECTED non-zero-balance account=acc-09 balance=31.14
OK 192 acc-03 UNFROZEN
OK 193 acc-07 +10.63 47.03
ERROR bad-arguments WITHDRAW
OK 194 acc-07 +2.10 49.13
REJECTED insufficient-funds account=acc-09 balance=31.14 requested=44.95
REJECTED unknown-account account=ghost-11
REJECTED account-exists account=acc-04
OK 195 acc-08 FROZEN
OK 196 acc-07 +2.22 51.35
REJECTED unsupported-currency currency=BTC
OK 197 acc-19 +80.74 759.04
OK 198 acc-18 +12.35 47.92
OK 199 acc-13 UNFROZEN
OK 200 acc-02 UNFROZEN
REJECTED account-frozen account=acc-08
BALANCE acc-14 3.40 USD
BALANCE acc-19 759.04 USD
BALANCE acc-14 3.40 USD
OK 201 acc-03 +502.83 661.28
REJECTED non-zero-balance account=acc-08 balance=24.28
OK 202 acc-19 -154.09 604.95
OK 203 acc-02 +501.77 625.42
OK 204 acc-02 +78.47 703.89
OK 205 acc-09 +78.45 109.59
REJECTED account-exists account=acc-18
REJECTED account-closed account=acc-05
OK 206 acc-20 -457.60 57.37
OK 207 acc-08 UNFROZEN
OK 208 acc-19 FROZEN
OK 209 acc-18 +12.94 60.86
REJECTED non-positive-amount account=acc-02 amount=-0.01
OK 210 acc-19 UNFROZEN
OK 211 acc-18 -60.75 0.11
OK 212 acc-15 +125.87 128.38
BALANCE acc-07 51.35 GBP
REJECTED insufficient-funds account=acc-07 balance=51.35 requested=82.92
REJECTED unknown-account account=ghost-12
REJECTED unsupported-currency currency=XXX
BALANCE acc-15 128.38 EUR
REJECTED account-closed account=acc-05
BALANCE acc-03 661.28 USD
OK 213 acc-03 FROZEN
OK 214 acc-08 FROZEN
OK 215 acc-02 +0.82 704.71
REJECTED non-positive-amount account=acc-13 amount=0.00
BALANCE acc-19 604.95 USD
OK 216 acc-18 FROZEN
OK 217 acc-02 +10.82 715.53
REJECTED unknown-account account=ghost-13
REJECTED insufficient-funds account=acc-04 balance=115.13 requested=115.45
OK 218 acc-04 +12.43 127.56
BALANCE acc-18 0.11 GBP
OK 219 acc-14 -2.29 1.11
REJECTED unsupported-currency currency=CHF
ERROR bad-currency US
OK 220 acc-03 UNFROZEN
OK 221 acc-19 +27.25 632.20
REJECTED non-zero-balance account=acc-13 balance=406.97
REJECTED account-frozen account=acc-08
ERROR unknown-command HELP
OK 222 acc-13 +124.25 531.22
BALANCE acc-07 51.35 GBP
REJECTED account-exists account=acc-02
OK 223 acc-07 +500.40 551.75
REJECTED non-positive-amount account=acc-02 amount=0.00
REJECTED non-zero-balance account=acc-02 balance=715.53
OK 224 acc-18 UNFROZEN
REJECTED account-exists account=acc-04
OK 225 acc-08 UNFROZEN
OK 226 acc-15 +1.70 130.08
OK 227 acc-19 -95.55 536.65
OK 228 acc-02 -27.58 687.95
BALANCE acc-09 109.59 GBP
OK 229 acc-02 FROZEN
REJECTED unknown-account account=ghost-14
ERROR bad-amount 5.
OK 230 acc-18 FROZEN
OK 231 acc-19 +78.26 614.91
REJECTED account-closed account=acc-12
OK 232 acc-15 FROZEN
REJECTED account-frozen account=acc-18
OK 233 acc-09 +2.12 111.71
REJECTED insufficient-funds account=acc-20 balance=57.37 requested=98.92
OK 234 acc-09 -82.59 29.12
REJECTED unsupported-currency currency=CHF
OK 235 acc-04 -84.39 43.17
REJECTED non-zero-balance account=acc-18 balance=0.11
OK 236 acc-04 -30.88 12.29
REJECTED unsupported-currency currency=CHF
BALANCE acc-19 614.91 USD
OK 237 acc-20 -21.32 36.05
REJECTED non-positive-amount account=acc-04 amount=-0.01
REJECTED insufficient-funds account=acc-20 balance=36.05 requested=36.84
BALANCE acc-13 531.22 USD
OK 238 acc-08 -19.44 4.84
REJECTED account-frozen account=acc-15
REJECTED unknown-account account=ghost-15
OK 239 acc-02 UNFROZEN
OK 240 acc-08 +25.97 30.81
BALANCE acc-03 661.28 USD
ERROR bad-account-id a2345678901234567890123456789012x
OK 241 acc-14 -0.69 0.42
REJECTED account-exists account=acc-01
REJECTED account-closed account=acc-05
OK 242 acc-20 +102.30 138.35
REJECTED account-frozen account=acc-15
OK 243 acc-13 -446.23 84.99
REJECTED non-positive-amount account=acc-02 amount=0.00
REJECTED account-exists account=acc-01
BALANCE acc-13 84.99 USD
OK 244 acc-09 +80.53 109.65
REJECTED non-zero-balance account=acc-18 balance=0.11
OK 245 acc-09 -7.16 102.49
REJECTED insufficient-funds account=acc-19 balance=614.91 requested=662.45
OK 246 acc-09 +124.57 227.06
REJECTED unknown-account account=ghost-16
OK 247 acc-13 +126.42 211.41
OK 248 acc-18 UNFROZEN
BALANCE acc-20 138.35 GBP
OK 249 acc-15 UNFROZEN
REJECTED unsupported-currency currency=JPY
BALANCE acc-04 12.29 USD
REJECTED account-closed account=acc-01
REJECTED account-closed account=acc-01
REJECTED insufficient-funds account=acc-09 balance=227.06 requested=262.38
OK 250 acc-08 FROZEN
ERROR bad-currency EURO
OK 251 acc-03 +26.15 687.43
OK 252 acc-15 -5.97 124.11
OK 253 acc-03 +3.30 690.73
REJECTED account-exists account=acc-05
OK 254 acc-14 +79.85 80.27
OK 255 acc-14 -25.18 55.09
OK 256 acc-13 +3.17 214.58
OK 257 acc-08 UNFROZEN
OK 258 acc-07 +124.95 676.70
REJECTED unknown-account account=ghost-17
OK 259 acc-02 -401.40 286.55
REJECTED unsupported-currency currency=BTC
REJECTED non-positive-amount account=acc-18 amount=0.00
OK 260 acc-19 -280.76 334.15
OK 261 acc-04 -4.61 7.68
OK 262 acc-03 -337.06 353.67
BALANCE acc-13 214.58 USD
OK 263 acc-19 +5.25 339.40
REJECTED non-zero-balance account=acc-20 balance=138.35
OK 264 acc-13 FROZEN
OK 265 acc-04 -6.93 0.75
BALANCE acc-07 676.70 GBP
OK 266 acc-03 +0.96 354.63
REJECTED account-frozen account=acc-13
REJECTED account-exists account=acc-14
BALANCE acc-19 339.40 USD
ERROR bad-account-id acc-20_x
REJECTED account-frozen account=acc-13
OK 267 acc-04 +77.92 78.67
OK 268 acc-09 -148.57 78.49
OK 269 acc-20 FROZEN
OK 270 acc-14 +2.31 57.40
REJECTED non-positive-amount account=acc-14 amount=0.00
REJECTED insufficient-funds account=acc-09 balance=78.49 requested=127.61
OK 271 acc-18 +2.77 2.88
OK 272 acc-07 -82.10 594.60
BALANCE acc-03 354.63 USD
BALANCE acc-08 30.81 EUR
REJECTED account-closed account=acc-01
REJECTED non-zero-balance account=acc-15 balance=124.11
OK 273 acc-14 FROZEN
OK 274 acc-07 +102.82 697.42
REJECTED unknown-account account=ghost-18
REJECTED unsupported-currency currency=XXX
REJECTED non-zero-balance account=acc-20 balance=138.35
BALANCE acc-13 214.58 USD
OK 275 acc-04 -38.77 39.90
OK 276 acc-02 +79.56 366.11
REJECTED unsupported-currency currency=BTC
OK 277 acc-15 +124.23 248.34
OK 278 acc-02 -14.35 351.76
REJECTED account-frozen account=acc-13
BALANCE acc-07 697.42 GBP
BALANCE acc-14 57.40 USD
OK 279 acc-09 -63.56 14.93
OK 280 acc-08 -11.49 19.32
OK 281 acc-07 -406.60 290.82
OK 282 acc-04 -37.64 2.26
OK 283 acc-19 -302.70 36.70
ERROR unknown-command Withdraw
REJECTED insufficient-funds account=acc-18 balance=2.88 requested=44.98
OK 284 acc-18 -2.69 0.19
OK 285 acc-08 -17.19 2.13
OK 286 acc-02 +27.66 379.42
BALANCE acc-08 2.13 EUR
OK 287 acc-03 +2.92 357.55
REJECTED unknown-account account=ghost-19
REJECTED account-closed account=acc-12
OK 288 acc-14 UNFROZEN
ERROR bad-arguments DEPOSIT
ERROR bad-amount 5,50
OK 289 acc-04 +125.43 127.69
ERROR bad-account-id a2345678901234567890123456789012x
REJECTED non-positive-amount account=acc-08 amount=-1.00
OK 290 acc-20 UNFROZEN
OK 291 acc-14 -44.37 13.03
BALANCE acc-04 127.69 USD
OK 292 acc-15 +25.91 274.25
OK 293 acc-13 UNFROZEN
OK 294 acc-02 FROZEN
REJECTED account-exists account=acc-15
OK 295 acc-20 +80.49 218.84
OK 296 acc-19 FROZEN
REJECTED non-zero-balance account=acc-20 balance=218.84
ERROR bad-amount 5.
REJECTED account-exists account=acc-01
OK 297 acc-08 +100.61 102.74
OK 298 acc-08 FROZEN
OK 299 acc-20 -32.63 186.21
REJECTED insufficient-funds account=acc-07 balance=290.82 requested=302.65
OK 300 acc-03 +501.23 858.78
BALANCE acc-08 102.74 EUR
OK 301 acc-18 +11.53 11.72
OK 302 acc-07 -68.49 222.33
ERROR unknown-command XFER
OK 303 acc-15 -60.16 214.09
OK 304 acc-14 -12.17 0.86
OK 305 acc-19 UNFROZEN
OK 306 acc-13 +2.28 216.86
OK 307 acc-14 -0.27 0.59
REJECTED unsupported-currency currency=BTC
REJECTED account-closed account=acc-06
OK 308 acc-18 +12.71 24.43
OK 309 acc-08 UNFROZEN
OK 310 acc-13 +11.81 228.67
OK 311 acc-02 UNFROZEN
OK 312 acc-14 -0.15 0.44
OK 313 acc-09 -3.84 11.09
REJECTED unknown-account account=ghost-20
OK 314 acc-09 -8.35 2.74
OK 315 acc-18 +125.09 149.52
OK 316 acc-14 -0.28 0.16
OK 317 acc-02 FROZEN
OK 318 acc-19 -3.44 33.26
OK 319 acc-19 -25.72 7.54
REJECTED account-frozen account=acc-02
OK 320 acc-19 -3.42 4.12
OK 321 acc-13 +79.90 308.57
OK 322 acc-02 UNFROZEN
OK 323 acc-07 -102.47 119.86
BALANCE acc-15 214.09 EUR
BALANCE acc-02 379.42 GBP
OK 324 acc-08 FROZEN
BALANCE acc-02 379.42 GBP
REJECTED non-positive-amount account=acc-09 amount=0.00
OK 325 acc-08 UNFROZEN
OK 326 acc-04 -33.49 94.20
OK 327 acc-04 -84.98 9.22
OK 328 acc-20 +1.53 187.74
BALANCE acc-09 2.74 GBP
OK 329 acc-20 +102.71 290.45
OK 330 acc-07 FROZEN
OK 331 acc-07 UNFROZEN
REJECTED insufficient-funds account=acc-04 balance=9.22 requested=42.30
OK 332 acc-04 +1.93 11.15
OK 333 acc-07 -102.00 17.86
OK 334 acc-15 +77.77 291.86
OK 335 acc-08 -81.85 20.89
REJECTED non-zero-balance account=acc-02 balance=379.42
OK 336 acc-02 +102.95 482.37
REJECTED non-positive-amount account=acc-09 amount=0.00
OK 337 acc-13 +10.37 318.94
OK 338 acc-09 FROZEN
REJECTED unknown-account account=ghost-21
REJECTED unsupported-currency currency=JPY
OK 339 acc-09 UNFROZEN
REJECTED account-exists account=acc-09
OK 340 acc-07 FROZEN
OK 341 acc-07 UNFROZEN
BALANCE acc-03 858.78 USD
OK 342 acc-15 -59.83 232.03
OK 343 acc-03 FROZEN
BALANCE acc-13 318.94 USD
REJECTED account-closed account=acc-05
BALANCE acc-02 482.37 GBP
REJECTED account-frozen account=acc-03
BALANCE acc-18 149.52 GBP
BALANCE acc-19 4.12 USD
REJECTED account-exists account=acc-13
BALANCE acc-14 0.16 USD
REJECTED insufficient-funds account=acc-09 balance=2.74 requested=44.49
OK 344 acc-08 +80.58 101.47
OK 345 acc-20 FROZEN
OK 346 acc-09 +80.27 83.01
BALANCE acc-20 290.45 GBP
OK 347 acc-09 +27.83 110.84
OK 348 acc-02 +78.27 560.64
OK 349 acc-07 FROZEN
OK 350 acc-20 UNFROZEN
OK 351 acc-09 +0.97 111.81
OK 352 acc-19 -1.24 2.88
BALANCE acc-02 560.64 GBP
OK 353 acc-02 FROZEN
REJECTED account-closed account=acc-06
REJECTED unknown-account account=ghost-22
OK 354 acc-03 UNFROZEN
OK 355 acc-20 +102.65 393.10
OK 356 acc-08 FROZEN
BALANCE acc-15 232.03 EUR
OK 357 acc-19 +501.64 504.52
REJECTED non-positive-amount account=acc-13 amount=-250.50
OK 358 acc-20 -207.50 185.60
OK 359 acc-09 -14.32 97.49
OK 360 acc-15 +0.93 232.96
OK 361 acc-15 -138.30 94.66
REJECTED non-zero-balance account=acc-08 balance=101.47
OK 362 acc-02 UNFROZEN
REJECTED account-frozen account=acc-08
OK 363 acc-03 +102.95 961.73
OK 364 acc-03 -188.59 773.14
BALANCE acc-20 185.60 GBP
REJECTED unsupported-currency currency=BTC
OK 365 acc-07 UNFROZEN
OK 366 acc-07 -15.77 2.09
REJECTED account-frozen account=acc-08
OK 367 acc-20 +1.58 187.18
BALANCE acc-09 97.49 GBP
BALANCE acc-15 94.66 EUR
BALANCE acc-04 11.15 USD
OK 368 acc-02 -337.76 222.88
REJECTED account-closed account=acc-05
REJECTED unknown-account account=ghost-23
OK 369 acc-19 -467.74 36.78
REJECTED non-positive-amount account=acc-07 amount=-250.50
BALANCE acc-04 11.15 USD
OK 370 acc-14 +500.78 500.94
REJECTED account-exists account=acc-15
OK 371 acc-19 +502.07 538.85
OK 372 acc-15 -91.93 2.73
OK 373 acc-08 UNFROZEN
OK 374 acc-09 -36.33 61.16
REJECTED non-zero-balance account=acc-14 balance=500.94
BALANCE acc-03 773.14 USD
REJECTED insufficient-funds account=acc-19 balance=538.85 requested=584.25
OK 375 acc-19 -444.93 93.92
OK 376 acc-02 -149.75 73.13
OK 377 acc-15 +10.36 13.09
OK 378 acc-15 +500.19 513.28
REJECTED unsupported-currency currency=JPY
BALANCE acc-02 73.13 GBP
OK 379 acc-03 -530.11 243.03
OK 380 acc-07 -0.41 1.68
REJECTED non-zero-balance account=acc-02 balance=73.13
REJECTED account-closed account=acc-05
OK 381 acc-02 FROZEN
OK 382 acc-14 +4.60 505.54
OK 383 acc-15 -510.23 3.05
OK 384 acc-20 +1.46 188.64
BALANCE acc-03 243.03 USD
BALANCE acc-02 73.13 GBP
OK 385 acc-14 +3.75 509.29
REJECTED unsupported-currency currency=BTC
OK 386 acc-18 +501.21 650.73
BALANCE acc-15 3.05 EUR
BALANCE acc-03 243.03 USD
ERROR bad-arguments OPEN
ERROR bad-currency $
OK 387 acc-13 +0.33 319.27
REJECTED unknown-account account=ghost-24
OK 388 acc-15 +2.26 5.31
OK 389 acc-02 UNFROZEN
OK 390 acc-13 +3.85 323.12
OK 391 acc-18 +80.03 730.76
REJECTED non-positive-amount account=acc-18 amount=0.00
OK 392 acc-02 +500.20 573.33
OK 393 acc-02 +1.66 574.99
OK 394 acc-20 FROZEN
REJECTED account-exists account=acc-12
REJECTED insufficient-funds account=acc-02 balance=574.99 requested=611.71
OK 395 acc-08 +12.22 113.69
BALANCE acc-14 509.29 USD
REJECTED account-frozen account=acc-20
OK 396 acc-19 +10.80 104.72
OK 397 acc-07 +102.25 103.93
OK 398 acc-20 UNFROZEN
OK 399 acc-09 +26.48 87.64
REJECTED account-exists account=acc-05
OK 400 acc-13 +2.85 325.97
OK 401 acc-02 FROZEN
OK 402 acc-15 +26.93 32.24
REJECTED unknown-account account=ghost-25
BALANCE acc-14 509.29 USD
REJECTED insufficient-funds account=acc-20 balance=188.64 requested=208.86
OK 403 acc-07 -3.54 100.39
REJECTED account-closed account=acc-12
REJECTED account-frozen account=acc-02
REJECTED unsupported-currency currency=CHF
OK 404 acc-02 UNFROZEN
OK 405 acc-15 +80.46 112.70
OK 406 acc-15 +26.50 139.20
BALANCE acc-15 139.20 EUR
OK 407 acc-09 -68.09 19.55
ERROR bad-currency US
BALANCE acc-03 243.03 USD
REJECTED non-positive-amount account=acc-02 amount=0.00
REJECTED non-zero-balance account=acc-15 balance=139.20
OK 408 acc-19 -66.46 38.26
OK 409 acc-18 -199.12 531.64
OK 410 acc-02 FROZEN
OK 411 acc-18 -81.80 449.84
OK 412 acc-14 -169.42 339.87
REJECTED unsupported-currency currency=BTC
REJECTED account-frozen account=acc-02
REJECTED account-exists account=acc-12
OK 413 acc-08 +2.31 116.00
OK 414 acc-09 -16.67 2.88
OK 415 acc-08 +26.37 142.37
REJECTED insufficient-funds account=acc-15 balance=139.20 requested=179.29
REJECTED account-closed account=acc-12
ERROR bad-amount 5.
REJECTED non-positive-amount account=acc-13 amount=-0.01
REJECTED non-zero-balance account=acc-14 balance=339.87
OK 416 acc-13 +101.32 427.29
REJECTED unknown-account account=ghost-26
OK 417 acc-02 UNFROZEN
REJECTED non-positive-amount account=acc-02 amount=-250.50
OK 418 acc-08 -51.43 90.94
OK 419 acc-14 -38.85 301.02
BALANCE acc-09 2.88 GBP
OK 420 acc-07 FROZEN
REJECTED unknown-account account=ghost-27
OK 421 acc-20 FROZEN
OK 422 acc-08 -4.72 86.22
OK 423 acc-03 -14.65 228.38
OK 424 acc-03 +100.28 328.66
OK 425 acc-14 -57.59 243.43
REJECTED insufficient-funds account=acc-08 balance=86.22 requested=91.34
ERROR unknown-command Withdraw
REJECTED unsupported-currency currency=XXX
REJECTED account-closed account=acc-06
ERROR bad-arguments TRANSFER
OK 426 acc-19 +12.57 50.83
OK 427 acc-15 -2.50 136.70
OK 428 acc-09 +12.70 15.58
OK 429 acc-08 +101.51 187.73
OK 430 acc-08 -137.83 49.90
REJECTED account-exists account=acc-03
OK 431 acc-14 -68.73 174.70
OK 432 acc-20 UNFROZEN
OK 433 acc-03 -28.46 300.20
BALANCE acc-02 574.99 GBP
REJECTED non-zero-balance account=acc-03 balance=300.20
REJECTED account-frozen account=acc-07
REJECTED non-zero-balance account=acc-13 balance=427.29
OK 434 acc-08 FROZEN
ERROR bad-account-id acc-14!
OK 435 acc-02 FROZEN
OK 436 acc-09 -1.47 14.11
BALANCE acc-19 50.83 USD
REJECTED account-exists account=acc-01
OK 437 acc-04 -10.57 0.58
REJECTED account-frozen account=acc-07
OK 438 acc-14 +100.30 275.00
REJECTED insufficient-funds account=acc-13 balance=427.29 requested=446.52
REJECTED unsupported-currency currency=XXX
OK 439 acc-04 +1.23 1.81
OK 440 acc-19 +2.11 52.94
OK 441 acc-13 -237.15 190.14
REJECTED account-closed account=acc-01
OK 442 acc-13 +78.32 268.46
OK 443 acc-09 +12.48 26.59
OK 444 acc-15 +100.14 236.84
OK 445 acc-15 +1.21 238.05
OK 446 acc-15 +2.13 240.18
OK 447 acc-03 +1.87 302.07
REJECTED non-positive-amount account=acc-15 amount=0.00
OK 448 acc-15 -56.21 183.97
REJECTED unknown-account account=ghost-28
REJECTED account-exists account=acc-19
BALANCE acc-14 275.00 USD
BALANCE acc-18 449.84 GBP
OK 449 acc-08 UNFROZEN
OK 450 acc-04 FROZEN
ERROR bad-arguments FREEZE
REJECTED unknown-account account=ghost-29
OK 451 acc-15 +10.92 194.89
BALANCE acc-02 574.99 GBP
ERROR unknown-command OPENED
BALANCE acc-19 52.94 USD
BALANCE acc-18 449.84 GBP
OK 452 acc-20 +100.88 289.52
OK 453 acc-15 -144.89 50.00
OK 454 acc-07 UNFROZEN
REJECTED non-positive-amount account=acc-07 amount=-250.50
BALANCE acc-19 52.94 USD
OK 455 acc-02 UNFROZEN
OK 456 acc-08 -28.12 21.78
REJECTED unsupported-currency currency=XXX
OK 457 acc-13 +11.14 279.60
OK 458 acc-19 +100.50 153.44
OK 459 acc-08 -8.31 13.47
OK 460 acc-20 -212.58 76.94
OK 461 acc-07 -74.76 25.63
OK 462 acc-08 +4.17 17.64
REJECTED account-frozen account=acc-04
OK 463 acc-04 UNFROZEN
REJECTED non-zero-balance account=acc-20 balance=76.94
BALANCE acc-18 449.84 GBP
OK 464 acc-08 +78.85 96.49
REJECTED account-closed account=acc-12
REJECTED insufficient-funds account=acc-18 balance=449.84 requested=490.72
ERROR bad-amount 5,50
OK 465 acc-08 +27.57 124.06
OK 466 acc-15 -5.34 44.66
OK 467 acc-19 -124.06 29.38
OK 468 acc-02 FROZEN
OK 469 acc-04 FROZEN
REJECTED non-positive-amount account=acc-20 amount=-0.01
ERROR bad-currency EURO
REJECTED insufficient-funds account=acc-13 balance=279.60 requested=321.89
OK 470 acc-18 +1.13 450.97
OK 471 acc-19 -21.03 8.35
REJECTED non-zero-balance account=acc-04 balance=1.81
OK 472 acc-08 +500.58 624.64
REJECTED account-closed account=acc-12
OK 473 acc-19 -0.95 7.40
REJECTED account-frozen account=acc-04
OK 474 acc-14 -174.47 100.53
OK 475 acc-13 +3.00 282.60
OK 476 acc-02 UNFROZEN
ERROR bad-account-id acc-09!
OK 477 acc-08 +102.15 726.79
REJECTED unknown-account account=ghost-30
OK 478 acc-18 -42.95 408.02
ERROR bad-currency EURO
BALANCE acc-07 25.63 GBP
REJECTED unsupported-currency currency=BTC
OK 479 acc-09 +101.91 128.50
OK 480 acc-09 FROZEN
OK 481 acc-09 UNFROZEN
ERROR bad-arguments BALANCE
OK 482 acc-02 -108.59 466.40
OK 483 acc-14 +124.55 225.08
REJECTED account-exists account=acc-20
OK 484 acc-13 +501.01 783.61
OK 485 acc-03 -178.84 123.23
OK 486 acc-20 -32.06 44.88
REJECTED unknown-account account=ghost-31
BALANCE acc-20 44.88 GBP
REJECTED account-exists account=acc-06
REJECTED insufficient-funds account=acc-03 balance=123.23 requested=131.50
OK 487 acc-20 -7.51 37.37
OK 488 acc-04 UNFROZEN
OK 489 acc-13 +5.34 788.95
OK 490 acc-19 FROZEN
OK 491 acc-14 -22.31 202.77
OK 492 acc-02 +11.36 477.76
BALANCE acc-14 202.77 USD
OK 493 acc-19 UNFROZEN
OK 494 acc-04 +25.21 27.02
OK 495 acc-20 +11.97 49.34
REJECTED non-positive-amount account=acc-08 amount=-250.50
BALANCE acc-13 788.95 USD
OK 496 acc-02 +12.49 490.25
OK 497 acc-13 -31.37 757.58
OK 498 acc-07 +126.15 151.78
OK 499 acc-20 +1.78 51.12
OK 500 acc-18 +1.45 409.47
OK 501 acc-02 +2.40 492.65
OK 502 acc-19 +126.28 133.68
BALANCE acc-13 757.58 USD
REJECTED unsupported-currency currency=CHF
REJECTED non-zero-balance account=acc-18 balance=409.47
OK 503 acc-09 FROZEN
OK 504 acc-13 -424.36 333.22
OK 505 acc-02 -387.73 104.92
REJECTED account-closed account=acc-01
ERROR bad-account-id ACC-08
REJECTED account-frozen account=acc-09
OK 506 acc-19 +2.86 136.54
OK 507 acc-07 -39.14 112.64
REJECTED account-frozen account=acc-09
OK 508 acc-09 UNFROZEN
OK 509 acc-02 -8.37 96.55
OK 510 acc-04 -12.38 14.64
OK 511 acc-04 -3.68 10.96
OK 512 acc-04 -3.67 7.29
REJECTED non-positive-amount account=acc-20 amount=0.00
OK 513 acc-04 +124.15 131.44
OK 514 acc-08 +124.35 851.14
REJECTED account-closed account=acc-06
ERROR unknown-command XFER
OK 515 acc-04 -0.06 131.38
OK 516 acc-15 FROZEN
OK 517 acc-14 FROZEN
BALANCE acc-18 409.47 GBP
OK 518 acc-08 -499.43 351.71
OK 519 acc-18 -103.43 306.04
OK 520 acc-14 UNFROZEN
OK 521 acc-04 FROZEN
OK 522 acc-15 UNFROZEN
OK 523 acc-18 +12.17 318.21
OK 524 acc-20 +501.45 552.57
REJECTED non-zero-balance account=acc-20 balance=552.57
BALANCE acc-15 44.66 EUR
REJECTED unsupported-currency currency=XXX
OK 525 acc-02 +11.63 108.18
ERROR bad-amount ten
OK 526 acc-03 +2.50 125.73
OK 527 acc-03 +11.19 136.92
BALANCE acc-15 44.66 EUR
OK 528 acc-14 +125.73 328.50
REJECTED unknown-account account=ghost-32
OK 529 acc-03 +11.56 148.48
REJECTED insufficient-funds account=acc-15 balance=44.66 requested=73.04
REJECTED account-exists account=acc-01
REJECTED non-zero-balance account=acc-13 balance=333.22
REJECTED account-exists account=acc-19
BALANCE acc-09 128.50 GBP
REJECTED non-positive-amount account=acc-02 amount=0.00
REJECTED account-frozen account=acc-04
OK 530 acc-15 FROZEN
REJECTED unsupported-currency currency=XXX
REJECTED unknown-account account=ghost-33
REJECTED account-closed account=acc-01
OK 531 acc-13 FROZEN
OK 532 acc-13 UNFROZEN
ERROR unknown-command XFER
BALANCE acc-18 318.21 GBP
OK 533 acc-02 FROZEN
OK 534 acc-18 +3.51 321.72
REJECTED insufficient-funds account=acc-09 balance=128.50 requested=176.51
REJECTED non-positive-amount account=acc-03 amount=-0.01
OK 535 acc-03 -79.39 69.09
REJECTED non-zero-balance account=acc-02 balance=108.18
REJECTED account-exists account=acc-01
OK 536 acc-04 UNFROZEN
OK 537 acc-14 -266.02 62.48
REJECTED unknown-account account=ghost-34
OK 538 acc-08 FROZEN
OK 539 acc-13 -308.83 24.39
OK 540 acc-02 UNFROZEN
OK 541 acc-02 +0.34 108.52
OK 542 acc-04 -40.88 90.50
ERROR bad-account-id Acc-9
REJECTED insufficient-funds account=acc-04 balance=90.50 requested=128.52
REJECTED account-closed account=acc-06
BALANCE acc-04 90.50 USD
OK 543 acc-14 +4.53 67.01
REJECTED unsupported-currency currency=BTC
OK 544 acc-03 FROZEN
REJECTED account-frozen account=acc-15
ERROR bad-amount ten
OK 545 acc-02 -84.40 24.12
BALANCE acc-19 136.54 USD
BALANCE acc-20 552.57 GBP
OK 546 acc-02 +27.00 51.12
OK 547 acc-09 -99.81 28.69
OK 548 acc-18 -241.43 80.29
OK 549 acc-04 -12.61 77.89
BALANCE acc-03 69.09 USD
BALANCE acc-04 77.89 USD
REJECTED non-zero-balance account=acc-03 balance=69.09
REJECTED account-closed account=acc-05
REJECTED unknown-account account=ghost-35
OK 550 acc-04 -40.05 37.84
BALANCE acc-09 28.69 GBP
OK 551 acc-02 +1.86 52.98
OK 552 acc-09 -18.65 10.04
BALANCE acc-14 67.01 USD
OK 553 acc-18 +26.30 106.59
REJECTED unsupported-currency currency=BTC
REJECTED non-positive-amount account=acc-18 amount=0.00
OK 554 acc-02 +3.59 56.57
BALANCE acc-20 552.57 GBP
OK 555 acc-13 +11.57 35.96
REJECTED account-frozen account=acc-15
OK 556 acc-18 -17.14 89.45
OK 557 acc-15 UNFROZEN
REJECTED insufficient-funds account=acc-15 balance=44.66 requested=71.59
BALANCE acc-19 136.54 USD
OK 558 acc-09 +80.51 90.55
OK 559 acc-09 +125.75 216.30
REJECTED account-exists account=acc-02
OK 560 acc-09 +102.93 319.23
OK 561 acc-14 +123.94 190.95
OK 562 acc-14 FROZEN
OK 563 acc-13 +2.29 38.25
OK 564 acc-13 -32.14 6.11
