OK 1 acc-01 OPENED EUR
REJECTED account-exists account=acc-01
OK 2 acc-02 OPENED GBP
REJECTED insufficient-funds account=acc-02 balance=0.00 requested=23.96
REJECTED unknown-account account=ghost-1
OK 3 acc-03 OPENED USD
OK 4 acc-04 OPENED EUR
BALANCE acc-02 0.00 GBP
OK 5 acc-05 OPENED GBP
OK 6 acc-06 OPENED USD
OK 7 acc-01 CLOSED
OK 8 acc-03 FROZEN
REJECTED non-positive-amount account=acc-04 amount=-1.00
OK 9 acc-07 OPENED GBP
REJECTED unsupported-currency currency=JPY
OK 10 acc-02 +26.07 26.07
OK 11 acc-02 FROZEN
REJECTED account-frozen account=acc-02
OK 12 acc-04 +3.38 3.38
OK 13 acc-04 -3.38 0.00
OK 14 acc-05 FROZEN
OK 15 acc-02 UNFROZEN
OK 16 acc-02 +0.55 26.62
OK 17 acc-09 OPENED EUR
OK 18 acc-03 UNFROZEN
OK 19 acc-07 +78.81 78.81
BALANCE acc-06 0.00 USD
OK 20 acc-07 -45.86 32.95
REJECTED non-zero-balance account=acc-07 balance=32.95
OK 21 acc-05 UNFROZEN
OK 22 acc-10 OPENED USD
OK 23 acc-09 CLOSED
OK 24 acc-06 CLOSED
REJECTED account-closed account=acc-09
OK 25 acc-04 FROZEN
REJECTED account-exists account=acc-06
BALANCE acc-10 0.00 USD
REJECTED account-closed account=acc-06
OK 26 acc-02 -24.09 2.53
BALANCE acc-04 0.00 EUR
REJECTED non-zero-balance account=acc-02 balance=2.53
REJECTED non-positive-amount account=acc-03 amount=0.00
REJECTED insufficient-funds account=acc-07 balance=32.95 requested=60.34
REJECTED unsupported-currency currency=CHF
OK 27 acc-02 +125.51 128.04
OK 28 acc-07 +11.65 44.60
OK 29 acc-07 -33.42 11.18
REJECTED unknown-account account=ghost-2
REJECTED account-frozen account=acc-04
OK 30 acc-02 +1.29 129.33
REJECTED account-closed account=acc-01
OK 31 acc-04 UNFROZEN
OK 32 acc-07 -5.94 5.24
OK 33 acc-10 +124.56 124.56
BALANCE acc-03 0.00 USD
OK 34 acc-12 OPENED EUR
ERROR unknown-command Withdraw
OK 35 acc-12 +25.83 25.83
REJECTED non-zero-balance account=acc-07 balance=5.24
OK 36 acc-04 FROZEN
REJECTED unknown-account account=ghost-3
ERROR bad-amount 5.
OK 37 acc-05 +501.02 501.02
OK 38 acc-13 OPENED EUR
OK 39 acc-13 CLOSED
OK 40 acc-02 -38.81 90.52
OK 41 acc-05 FROZEN
REJECTED non-positive-amount account=acc-03 amount=-0.01
OK 42 acc-14 OPENED USD
OK 43 acc-12 +4.49 30.32
REJECTED insufficient-funds account=acc-12 balance=30.32 requested=72.80
BALANCE acc-12 30.32 EUR
OK 44 acc-12 -27.92 2.40
BALANCE acc-12 2.40 EUR
OK 45 acc-04 UNFROZEN
OK 46 acc-15 OPENED EUR
REJECTED unsupported-currency currency=JPY
REJECTED account-exists account=acc-14
OK 47 acc-04 FROZEN
REJECTED account-frozen account=acc-05
OK 48 acc-02 FROZEN
REJECTED account-exists account=acc-13
ERROR bad-account-id Acc-9
REJECTED non-zero-balance account=acc-02 balance=90.52
OK 49 acc-12 -2.16 0.24
OK 50 acc-10 -44.24 80.32
REJECTED account-closed account=acc-13
OK 51 acc-07 -0.17 5.07
REJECTED unknown-account account=ghost-4
OK 52 acc-15 +2.74 2.74
REJECTED account-frozen account=acc-04
REJECTED non-positive-amount account=acc-07 amount=0.00
OK 53 acc-02 UNFROZEN
OK 54 acc-17 OPENED GBP
REJECTED insufficient-funds account=acc-10 balance=80.32 requested=120.54
REJECTED unsupported-currency currency=XXX
OK 55 acc-10 -39.31 41.01
REJECTED unknown-account account=ghost-5
ERROR bad-arguments TRANSFER
OK 56 acc-05 UNFROZEN
OK 57 acc-04 UNFROZEN
OK 58 acc-02 +26.06 116.58
REJECTED non-positive-amount account=acc-02 amount=-1.00
OK 59 acc-12 -0.17 0.07
OK 60 acc-10 +10.86 51.87
OK 61 acc-14 +1.29 1.29
OK 62 acc-03 FROZEN
REJECTED insufficient-funds account=acc-14 balance=1.29 requested=28.84
OK 63 acc-19 OPENED EUR
OK 64 acc-19 +0.09 0.09
OK 65 acc-17 +27.63 27.63
OK 66 acc-05 -242.50 258.52
ERROR bad-currency usd
REJECTED account-frozen account=acc-03
REJECTED account-exists account=acc-19
OK 67 acc-07 +125.43 130.50
REJECTED non-zero-balance account=acc-15 balance=2.74
OK 68 acc-03 UNFROZEN
OK 69 acc-15 +1.14 3.88
BALANCE acc-02 116.58 GBP
OK 70 acc-20 OPENED GBP
REJECTED account-closed account=acc-01
OK 71 acc-07 +2.52 133.02
BALANCE acc-15 3.88 EUR
REJECTED unsupported-currency currency=XXX
ERROR bad-amount .5
REJECTED non-positive-amount account=acc-19 amount=-0.01
OK 72 acc-20 +1.20 1.20
OK 73 acc-14 +501.32 502.61
REJECTED non-zero-balance account=acc-15 balance=3.88
OK 74 acc-20 -0.03 1.17
REJECTED unsupported-currency currency=XXX
REJECTED insufficient-funds account=acc-19 balance=0.09 requested=2.08
OK 75 acc-14 FROZEN
BALANCE acc-04 0.00 EUR
OK 76 acc-20 -0.23 0.94
OK 77 acc-15 +78.27 82.15
REJECTED account-exists account=acc-01
REJECTED account-closed account=acc-01
OK 78 acc-14 UNFROZEN
REJECTED unknown-account account=ghost-6
OK 79 acc-20 FROZEN
OK 80 acc-02 +2.22 118.80
OK 81 acc-05 +10.23 268.75
OK 82 acc-05 -178.55 90.20
REJECTED account-frozen account=acc-20
OK 83 acc-20 UNFROZEN
OK 84 acc-14 -32.04 470.57
OK 85 acc-12 -0.05 0.02
OK 86 acc-14 -279.83 190.74
REJECTED insufficient-funds account=acc-15 balance=82.15 requested=106.19
OK 87 acc-05 -43.09 47.11
OK 88 acc-15 FROZEN
OK 89 acc-20 FROZEN
REJECTED non-zero-balance account=acc-12 balance=0.02
OK 90 acc-05 -43.12 3.99
REJECTED account-frozen account=acc-20
REJECTED account-closed account=acc-09
OK 91 acc-05 +2.90 6.89
ERROR unknown-command Withdraw
OK 92 acc-19 FROZEN
OK 93 acc-14 -190.72 0.02
REJECTED unknown-account account=ghost-7
REJECTED non-positive-amount account=acc-07 amount=-0.01
OK 94 acc-19 UNFROZEN
BALANCE acc-12 0.02 EUR
BALANCE acc-10 51.87 USD
OK 95 acc-17 +26.37 54.00
REJECTED unsupported-currency currency=CHF
REJECTED account-exists account=acc-07
REJECTED non-positive-amount account=acc-04 amount=0.00
REJECTED account-closed account=acc-06
OK 96 acc-19 +10.88 10.97
OK 97 acc-12 -0.02 0.00
OK 98 acc-05 +1.35 8.24
REJECTED insufficient-funds account=acc-14 balance=0.02 requested=45.63
REJECTED non-zero-balance account=acc-17 balance=54.00
ERROR bad-arguments FREEZE
OK 99 acc-17 -24.76 29.24
OK 100 acc-19 FROZEN
OK 101 acc-12 +10.87 10.87
BALANCE acc-02 118.80 GBP
OK 102 acc-02 -53.68 65.12
OK 103 acc-15 UNFROZEN
OK 104 acc-07 -54.02 79.00
REJECTED account-exists account=acc-03
REJECTED account-frozen account=acc-20
OK 105 acc-15 -44.67 37.48
REJECTED unknown-account account=ghost-8
BALANCE acc-12 10.87 EUR
REJECTED unsupported-currency currency=BTC
BALANCE acc-10 51.87 USD
OK 106 acc-15 FROZEN
BALANCE acc-07 79.00 GBP
OK 107 acc-07 -74.82 4.18
OK 108 acc-12 -1.11 9.76
OK 109 acc-03 +101.70 101.70
OK 110 acc-10 -3.41 48.46
REJECTED non-positive-amount account=acc-12 amount=-0.01
REJECTED unknown-account account=ghost-9
OK 111 acc-07 -2.23 1.95
OK 112 acc-07 +100.83 102.78
OK 113 acc-14 +77.99 78.01
OK 114 acc-05 +78.36 86.60
REJECTED account-exists account=acc-15
OK 115 acc-14 -21.62 56.39
REJECTED account-closed account=acc-06
ERROR bad-account-id acc-07_x
OK 116 acc-05 +25.23 111.83
BALANCE acc-02 65.12 GBP
REJECTED non-zero-balance account=acc-03 balance=101.70
OK 117 acc-14 +79.36 135.75
BALANCE acc-20 0.94 GBP
ERROR bad-currency US
REJECTED unsupported-currency currency=JPY
REJECTED account-frozen account=acc-15
REJECTED insufficient-funds account=acc-02 balance=65.12 requested=81.32
REJECTED account-frozen account=acc-15
OK 118 acc-10 +12.21 60.67
OK 119 acc-20 UNFROZEN
OK 120 acc-03 -66.71 34.99
OK 121 acc-04 +1.84 1.84
OK 122 acc-10 FROZEN
BALANCE acc-14 135.75 USD
OK 123 acc-02 +10.31 75.43
REJECTED insufficient-funds account=acc-03 balance=34.99 requested=39.47
REJECTED non-zero-balance account=acc-12 balance=9.76
REJECTED unsupported-currency currency=CHF
OK 124 acc-07 -63.01 39.77
OK 125 acc-12 +2.54 12.30
REJECTED account-exists account=acc-03
REJECTED unknown-account account=ghost-10
OK 126 acc-20 +5.45 6.39
REJECTED account-closed account=acc-01
ERROR bad-account-id Acc-9
BALANCE acc-02 75.43 GBP
OK 127 acc-12 +123.89 136.19
OK 128 acc-02 +12.71 88.14
REJECTED non-positive-amount account=acc-05 amount=-1.00
BALANCE acc-14 135.75 USD
OK 129 acc-10 UNFROZEN
OK 130 acc-12 FROZEN
OK 131 acc-05 +77.86 189.69
REJECTED account-exists account=acc-20
OK 132 acc-20 +2.82 9.21
REJECTED account-frozen account=acc-15
ERROR bad-amount .5
OK 133 acc-05 -175.63 14.06
REJECTED account-closed account=acc-09
OK 134 acc-14 -90.16 45.59
ERROR bad-currency EURO
OK 135 acc-10 -46.48 14.19
OK 136 acc-04 +26.88 28.72
OK 137 acc-10 +11.72 25.91
OK 138 acc-19 UNFROZEN
ERROR bad-arguments WITHDRAW
REJECTED non-zero-balance account=acc-03 balance=34.99
OK 139 acc-04 -12.32 16.40
OK 140 acc-14 -21.26 24.33
REJECTED unknown-account account=ghost-11
BALANCE acc-05 14.06 GBP
REJECTED insufficient-funds account=acc-20 balance=9.21 requested=59.21
OK 141 acc-12 UNFROZEN
OK 142 acc-20 -5.44 3.77
OK 143 acc-15 UNFROZEN
REJECTED non-positive-amount account=acc-07 amount=-250.50
REJECTED unsupported-currency currency=BTC
OK 144 acc-17 -15.19 14.05
OK 145 acc-03 +3.84 38.83
BALANCE acc-03 38.83 USD
OK 146 acc-03 -27.04 11.79
OK 147 acc-14 -1.43 22.90
OK 148 acc-14 FROZEN
OK 149 acc-14 UNFROZEN
REJECTED non-zero-balance account=acc-10 balance=25.91
REJECTED account-closed account=acc-06
OK 150 acc-02 FROZEN
REJECTED unknown-account account=ghost-12
OK 151 acc-10 FROZEN
BALANCE acc-15 37.48 EUR
OK 152 acc-02 UNFROZEN
REJECTED unsupported-currency currency=JPY
OK 153 acc-07 +102.31 142.08
OK 154 acc-12 FROZEN
BALANCE acc-03 11.79 USD
OK 155 acc-15 -9.89 27.59
REJECTED account-exists account=acc-09
REJECTED non-positive-amount account=acc-03 amount=0.00
OK 156 acc-12 UNFROZEN
OK 157 acc-12 -128.80 7.39
OK 158 acc-10 UNFROZEN
REJECTED insufficient-funds account=acc-19 balance=10.97 requested=11.06
OK 159 acc-10 +125.97 151.88
OK 160 acc-17 -12.90 1.15
BALANCE acc-05 14.06 GBP
OK 161 acc-03 FROZEN
OK 162 acc-07 +3.49 145.57
OK 163 acc-03 UNFROZEN
OK 164 acc-02 +78.90 167.04
OK 165 acc-02 FROZEN
REJECTED account-frozen account=acc-02
REJECTED unknown-account account=ghost-13
BALANCE acc-14 22.90 USD
OK 166 acc-03 +2.68 14.47
OK 167 acc-05 +4.85 18.91
OK 168 acc-19 +1.23 12.20
OK 169 acc-14 -6.71 16.19
OK 170 acc-10 -134.40 17.48
OK 171 acc-02 UNFROZEN
REJECTED non-positive-amount account=acc-14 amount=-1.00
OK 172 acc-17 -0.66 0.49
OK 173 acc-03 +1.30 15.77
OK 174 acc-02 +1.05 168.09
REJECTED non-zero-balance account=acc-03 balance=15.77
REJECTED account-closed account=acc-06
OK 175 acc-14 -13.79 2.40
OK 176 acc-07 +25.95 171.52
OK 177 acc-02 FROZEN
REJECTED insufficient-funds account=acc-12 balance=7.39 requested=28.87
REJECTED account-exists account=acc-06
OK 178 acc-02 UNFROZEN
OK 179 acc-03 -4.34 11.43
OK 180 acc-10 +2.62 20.10
OK 181 acc-20 -0.63 3.14
BALANCE acc-07 171.52 GBP
REJECTED unsupported-currency currency=CHF
ERROR unknown-command OPENED
OK 182 acc-19 FROZEN
BALANCE acc-03 11.43 USD
ERROR bad-arguments CLOSE
BALANCE acc-19 12.20 EUR
REJECTED account-frozen account=acc-19
BALANCE acc-14 2.40 USD
REJECTED insufficient-funds account=acc-20 balance=3.14 requested=49.34
OK 183 acc-19 UNFROZEN
REJECTED account-closed account=acc-13
OK 184 acc-15 FROZEN
REJECTED account-frozen account=acc-15
REJECTED unknown-account account=ghost-14
OK 185 acc-19 -6.83 5.37
REJECTED account-exists account=acc-13
BALANCE acc-07 171.52 GBP
REJECTED unsupported-currency currency=XXX
REJECTED non-positive-amount account=acc-20 amount=-1.00
ERROR unknown-command OPENED
BALANCE acc-02 168.09 GBP
REJECTED non-zero-balance account=acc-05 balance=18.91
OK 186 acc-19 -2.07 3.30
OK 187 acc-05 -3.83 15.08
OK 188 acc-14 FROZEN
REJECTED account-frozen account=acc-14
REJECTED account-exists account=acc-19
OK 189 acc-14 UNFROZEN
REJECTED unsupported-currency currency=CHF
OK 190 acc-04 +502.84 519.24
OK 191 acc-03 +500.97 512.40
OK 192 acc-14 +3.66 6.06
REJECTED account-closed account=acc-06
BALANCE acc-04 519.24 EUR
REJECTED insufficient-funds account=acc-14 balance=6.06 requested=52.42
OK 193 acc-04 FROZEN
REJECTED non-positive-amount account=acc-10 amount=0.00
OK 194 acc-20 FROZEN
OK 195 acc-17 -0.42 0.07
REJECTED non-zero-balance account=acc-19 balance=3.30
OK 196 acc-04 UNFROZEN
OK 197 acc-17 +123.57 123.64
REJECTED unknown-account account=ghost-15
OK 198 acc-03 FROZEN
REJECTED account-closed account=acc-06
OK 199 acc-05 -13.78 1.30
OK 200 acc-15 UNFROZEN
OK 201 acc-02 -150.63 17.46
OK 202 acc-10 FROZEN
BALANCE acc-04 519.24 EUR
REJECTED non-zero-balance account=acc-14 balance=6.06
OK 203 acc-14 +2.95 9.01
OK 204 acc-20 UNFROZEN
REJECTED account-frozen account=acc-03
OK 205 acc-04 -247.68 271.56
OK 206 acc-19 -2.10 1.20
REJECTED account-exists account=acc-02
OK 207 acc-05 +11.05 12.35
REJECTED unsupported-currency currency=XXX
REJECTED unknown-account account=ghost-16
BALANCE acc-05 12.35 GBP
ERROR bad-amount 5,50
REJECTED insufficient-funds account=acc-04 balance=271.56 requested=294.54
OK 208 acc-15 +78.23 105.82
OK 209 acc-14 -1.58 7.43
REJECTED non-positive-amount account=acc-02 amount=0.00
OK 210 acc-07 +2.52 174.04
OK 211 acc-15 +123.71 229.53
ERROR bad-currency US
REJECTED account-exists account=acc-12
OK 212 acc-19 -0.07 1.13
OK 213 acc-19 FROZEN
REJECTED unsupported-currency currency=BTC
OK 214 acc-12 -3.63 3.76
OK 215 acc-02 +502.15 519.61
OK 216 acc-20 +78.94 82.08
OK 217 acc-05 -1.56 10.79
REJECTED account-frozen account=acc-03
OK 218 acc-12 -1.63 2.13
REJECTED insufficient-funds account=acc-02 balance=519.61 requested=557.65
OK 219 acc-17 -55.24 68.40
REJECTED non-positive-amount account=acc-04 amount=-250.50
REJECTED unknown-account account=ghost-17
OK 220 acc-17 +1.76 70.16
OK 221 acc-14 -3.81 3.62
OK 222 acc-20 -38.91 43.17
OK 223 acc-03 UNFROZEN
REJECTED non-zero-balance account=acc-03 balance=512.40
OK 224 acc-04 FROZEN
OK 225 acc-20 +1.61 44.78
REJECTED account-closed account=acc-01
OK 226 acc-07 +100.60 274.64
REJECTED non-positive-amount account=acc-20 amount=-0.01
REJECTED account-closed account=acc-09
OK 227 acc-04 UNFROZEN
REJECTED insufficient-funds account=acc-07 balance=274.64 requested=282.32
BALANCE acc-02 519.61 GBP
REJECTED non-zero-balance account=acc-14 balance=3.62
OK 228 acc-14 -2.67 0.95
BALANCE acc-15 229.53 EUR
OK 229 acc-17 -55.41 14.75
OK 230 acc-05 +100.44 111.23
OK 231 acc-02 -479.55 40.06
OK 232 acc-05 +10.89 122.12
REJECTED account-exists account=acc-10
BALANCE acc-07 274.64 GBP
ERROR bad-account-id acc-12_x
OK 233 acc-15 +1.20 230.73
REJECTED account-frozen account=acc-10
REJECTED unknown-account account=ghost-18
OK 234 acc-07 +1.21 275.85
OK 235 acc-05 +126.44 248.56
REJECTED unsupported-currency currency=XXX
OK 236 acc-14 FROZEN
REJECTED insufficient-funds account=acc-07 balance=275.85 requested=311.55
REJECTED non-zero-balance account=acc-05 balance=248.56
REJECTED unknown-account account=ghost-19
OK 237 acc-05 -50.72 197.84
BALANCE acc-03 512.40 USD
OK 238 acc-20 -20.86 23.92
BALANCE acc-19 1.13 EUR
BALANCE acc-02 40.06 GBP
BALANCE acc-14 0.95 USD
OK 239 acc-19 UNFROZEN
OK 240 acc-14 UNFROZEN
OK 241 acc-12 +3.14 5.27
OK 242 acc-17 +125.45 140.20
OK 243 acc-02 -29.16 10.90
REJECTED account-frozen account=acc-10
OK 244 acc-10 UNFROZEN
OK 245 acc-03 +500.01 1012.41
REJECTED non-positive-amount account=acc-19 amount=0.00
BALANCE acc-15 230.73 EUR
OK 246 acc-02 FROZEN
OK 247 acc-15 -38.61 192.12
BALANCE acc-05 197.84 GBP
OK 248 acc-19 FROZEN
OK 249 acc-19 UNFROZEN
ERROR bad-amount ten
OK 250 acc-10 -12.54 7.56
REJECTED account-closed account=acc-06
OK 251 acc-02 UNFROZEN
OK 252 acc-15 +101.47 293.59
OK 253 acc-12 +2.24 7.51
OK 254 acc-12 +1.43 8.94
OK 255 acc-17 FROZEN
REJECTED unsupported-currency currency=XXX
OK 256 acc-15 +80.56 374.15
OK 257 acc-20 -21.61 2.31
REJECTED account-exists account=acc-19
ERROR bad-account-id a2345678901234567890123456789012x
OK 258 acc-14 FROZEN
OK 259 acc-05 -195.51 2.33
REJECTED unknown-account account=ghost-20
BALANCE acc-12 8.94 EUR
BALANCE acc-12 8.94 EUR
OK 260 acc-02 +27.96 38.86
BALANCE acc-17 140.20 GBP
OK 261 acc-10 -0.90 6.66
REJECTED account-frozen account=acc-14
OK 262 acc-05 -1.64 0.69
REJECTED non-positive-amount account=acc-02 amount=-1.00
BALANCE acc-07 275.85 GBP
OK 263 acc-19 +125.34 126.47
REJECTED unsupported-currency currency=JPY
OK 264 acc-17 UNFROZEN
OK 265 acc-14 UNFROZEN
ERROR bad-arguments CLOSE
OK 266 acc-05 -0.67 0.02
OK 267 acc-04 -45.77 225.79
OK 268 acc-15 -355.98 18.17
OK 269 acc-15 +78.12 96.29
OK 270 acc-15 +0.77 97.06
OK 271 acc-04 +11.97 237.76
BALANCE acc-14 0.95 USD
OK 272 acc-17 +0.81 141.01
OK 273 acc-15 -86.77 10.29
REJECTED account-exists account=acc-06
OK 274 acc-15 +12.92 23.21
REJECTED insufficient-funds account=acc-07 balance=275.85 requested=325.69
OK 275 acc-04 +2.33 240.09
OK 276 acc-17 +101.93 242.94
BALANCE acc-10 6.66 USD
OK 277 acc-14 -0.87 0.08
REJECTED account-closed account=acc-01
REJECTED non-zero-balance account=acc-03 balance=1012.41
OK 278 acc-02 +124.49 163.35
OK 279 acc-07 +4.52 280.37
OK 280 acc-14 -0.01 0.07
OK 281 acc-02 +2.52 165.87
OK 282 acc-10 +1.63 8.29
OK 283 acc-14 -0.01 0.06
OK 284 acc-07 -133.31 147.06
OK 285 acc-04 -18.99 221.10
OK 286 acc-02 +2.69 168.56
REJECTED unsupported-currency currency=BTC
OK 287 acc-15 -15.12 8.09
REJECTED insufficient-funds account=acc-15 balance=8.09 requested=22.47
BALANCE acc-05 0.02 GBP
OK 288 acc-20 FROZEN
OK 289 acc-02 FROZEN
REJECTED non-positive-amount account=acc-12 amount=-1.00
REJECTED unknown-account account=ghost-21
OK 290 acc-14 FROZEN
OK 291 acc-05 -0.01 0.01
OK 292 acc-14 UNFROZEN
BALANCE acc-05 0.01 GBP
OK 293 acc-15 +123.82 131.91
REJECTED non-zero-balance account=acc-17 balance=242.94
BALANCE acc-10 8.29 USD
OK 294 acc-02 UNFROZEN
OK 295 acc-05 -0.01 0.00
REJECTED account-closed account=acc-13
BALANCE acc-15 131.91 EUR
OK 296 acc-15 +501.95 633.86
OK 297 acc-07 FROZEN
OK 298 acc-17 -78.35 164.59
REJECTED account-frozen account=acc-07
OK 299 acc-12 -8.54 0.40
REJECTED account-exists account=acc-01
OK 300 acc-03 +125.32 1137.73
OK 301 acc-04 -16.13 204.97
OK 302 acc-05 FROZEN
REJECTED unsupported-currency currency=BTC
REJECTED unknown-account account=ghost-22
REJECTED non-zero-balance account=acc-03 balance=1137.73
ERROR unknown-command OPENED
OK 303 acc-19 +3.96 130.43
OK 304 acc-17 -154.12 10.47
OK 305 acc-12 +2.94 3.34
ERROR bad-currency US
REJECTED account-exists account=acc-13
OK 306 acc-07 UNFROZEN
OK 307 acc-07 -130.57 16.49
ERROR bad-arguments OPEN
OK 308 acc-04 +10.67 215.64
OK 309 acc-03 +101.97 1239.70
ERROR bad-currency US
REJECTED account-closed account=acc-06
REJECTED insufficient-funds account=acc-17 balance=10.47 requested=33.41
REJECTED account-frozen account=acc-20
OK 310 acc-04 -202.20 13.44
OK 311 acc-04 +1.57 15.01
OK 312 acc-17 -10.41 0.06
OK 313 acc-14 +80.63 80.69
OK 314 acc-12 +500.03 503.37
ERROR bad-amount 5,50
OK 315 acc-04 +101.49 116.50
OK 316 acc-15 -179.04 454.82
REJECTED non-positive-amount account=acc-03 amount=-250.50
OK 317 acc-10 +502.72 511.01
OK 318 acc-17 +12.14 12.20
REJECTED account-frozen account=acc-05
REJECTED non-positive-amount account=acc-14 amount=0.00
OK 319 acc-07 -16.16 0.33
OK 320 acc-10 FROZEN
REJECTED unsupported-currency currency=JPY
OK 321 acc-14 +2.18 82.87
OK 322 acc-19 -31.17 99.26
OK 323 acc-19 -88.60 10.66
OK 324 acc-14 -35.43 47.44
REJECTED non-zero-balance account=acc-19 balance=10.66
OK 325 acc-02 -129.80 38.76
OK 326 acc-07 -0.11 0.22
OK 327 acc-20 UNFROZEN
OK 328 acc-04 +2.68 119.18
OK 329 acc-12 +79.97 583.34
REJECTED account-closed account=acc-09
OK 330 acc-12 +0.71 584.05
OK 331 acc-20 +102.86 105.17
BALANCE acc-20 105.17 GBP
OK 332 acc-10 UNFROZEN
REJECTED account-exists account=acc-04
REJECTED unknown-account account=ghost-23
REJECTED insufficient-funds account=acc-02 balance=38.76 requested=53.70
OK 333 acc-15 -289.87 164.95
REJECTED non-zero-balance account=acc-14 balance=47.44
OK 334 acc-02 -10.48 28.28
OK 335 acc-20 +27.86 133.03
REJECTED non-positive-amount account=acc-12 amount=0.00
BALANCE acc-02 28.28 GBP
REJECTED unknown-account account=ghost-24
REJECTED insufficient-funds account=acc-10 balance=511.01 requested=512.23
ERROR unknown-command HELP
REJECTED account-frozen account=acc-05
OK 336 acc-05 UNFROZEN
OK 337 acc-20 FROZEN
REJECTED account-closed account=acc-09
OK 338 acc-15 +10.70 175.65
OK 339 acc-05 FROZEN
OK 340 acc-14 +11.18 58.62
OK 341 acc-02 +502.78 531.06
REJECTED account-exists account=acc-19
OK 342 acc-20 UNFROZEN
REJECTED unsupported-currency currency=BTC
OK 343 acc-07 -0.16 0.06
OK 344 acc-19 -8.37 2.29
REJECTED unsupported-currency currency=JPY
OK 345 acc-05 UNFROZEN
REJECTED insufficient-funds account=acc-15 balance=175.65 requested=218.09
BALANCE acc-15 175.65 EUR
OK 346 acc-03 +2.69 1242.39
OK 347 acc-10 +10.05 521.06
OK 348 acc-19 +0.86 3.15
OK 349 acc-17 +502.68 514.88
BALANCE acc-15 175.65 EUR
OK 350 acc-15 +124.98 300.63
REJECTED non-positive-amount account=acc-15 amount=-0.01
OK 351 acc-15 -285.64 14.99
OK 352 acc-03 +0.37 1242.76
REJECTED unknown-account account=ghost-25
ERROR bad-account-id acc-02!
OK 353 acc-19 FROZEN
REJECTED non-zero-balance account=acc-20 balance=133.03
OK 354 acc-15 +3.39 18.38
OK 355 acc-03 +1.04 1243.80
OK 356 acc-12 +10.48 594.53
REJECTED account-exists account=acc-17
REJECTED account-closed account=acc-01
REJECTED account-frozen account=acc-19
REJECTED non-positive-amount account=acc-05 amount=0.00
OK 357 acc-17 -259.36 255.52
OK 358 acc-12 +80.11 674.64
OK 359 acc-17 +26.29 281.81
OK 360 acc-14 -10.58 48.04
REJECTED unknown-account account=ghost-26
REJECTED account-closed account=acc-01
ERROR bad-amount 5.
REJECTED account-frozen account=acc-19
OK 361 acc-20 -93.32 39.71
OK 362 acc-12 -228.03 446.61
REJECTED non-zero-balance account=acc-17 balance=281.81
OK 363 acc-17 +124.23 406.04
OK 364 acc-15 -14.59 3.79
REJECTED unsupported-currency currency=BTC
REJECTED insufficient-funds account=acc-05 balance=0.00 requested=43.57
OK 365 acc-10 -203.34 317.72
REJECTED account-exists account=acc-06
REJECTED non-zero-balance account=acc-17 balance=406.04
ERROR bad-account-id acc-12!
REJECTED account-closed account=acc-01
OK 366 acc-14 -36.49 11.55
OK 367 acc-02 +124.81 655.87
OK 368 acc-20 -6.69 33.02
OK 369 acc-20 +10.76 43.78
OK 370 acc-12 +502.46 949.07
OK 371 acc-04 FROZEN
REJECTED unknown-account account=ghost-27
OK 372 acc-19 UNFROZEN
BALANCE acc-14 11.55 USD
REJECTED non-positive-amount account=acc-15 amount=0.00
OK 373 acc-19 -1.85 1.30
OK 374 acc-20 +125.84 169.62
OK 375 acc-17 -309.04 97.00
OK 376 acc-19 FROZEN
OK 377 acc-02 -80.42 575.45
OK 378 acc-19 UNFROZEN
OK 379 acc-02 +80.09 655.54
OK 380 acc-07 -0.03 0.03
REJECTED account-exists account=acc-19
OK 381 acc-04 UNFROZEN
OK 382 acc-03 -834.00 409.80
OK 383 acc-07 +500.87 500.90
OK 384 acc-17 -28.59 68.41
OK 385 acc-03 -111.61 298.19
OK 386 acc-19 FROZEN
OK 387 acc-02 -105.02 550.52
OK 388 acc-10 -139.15 178.57
REJECTED account-frozen account=acc-19
REJECTED unsupported-currency currency=BTC
BALANCE acc-20 169.62 GBP
OK 389 acc-17 -34.31 34.10
OK 390 acc-20 -89.62 80.00
ERROR bad-currency EURO
REJECTED insufficient-funds account=acc-15 balance=3.79 requested=41.51
REJECTED account-frozen account=acc-19
OK 391 acc-07 FROZEN
OK 392 acc-15 -0.56 3.23
OK 393 acc-05 +100.03 100.03
OK 394 acc-07 UNFROZEN
OK 395 acc-12 -138.66 810.41
OK 396 acc-10 -120.15 58.42
REJECTED account-closed account=acc-06
OK 397 acc-19 UNFROZEN
BALANCE acc-12 810.41 EUR
OK 398 acc-14 -7.67 3.88
OK 399 acc-05 FROZEN
OK 400 acc-05 UNFROZEN
REJECTED non-zero-balance account=acc-20 balance=80.00
OK 401 acc-17 -11.15 22.95
OK 402 acc-07 -278.51 222.39
OK 403 acc-12 +1.49 811.90
OK 404 acc-14 +1.51 5.39
BALANCE acc-03 298.19 USD
OK 405 acc-04 +2.60 121.78
OK 406 acc-05 FROZEN
OK 407 acc-15 FROZEN
OK 408 acc-04 -111.72 10.06
OK 409 acc-14 FROZEN
REJECTED unsupported-currency currency=JPY
REJECTED unknown-account account=ghost-28
REJECTED account-exists account=acc-02
OK 410 acc-10 +26.94 85.36
OK 411 acc-10 +79.81 165.17
ERROR bad-arguments WITHDRAW
ERROR unknown-command Withdraw
OK 412 acc-05 UNFROZEN
OK 413 acc-03 FROZEN
BALANCE acc-03 298.19 USD
OK 414 acc-03 UNFROZEN
BALANCE acc-02 550.52 GBP
REJECTED non-positive-amount account=acc-07 amount=-0.01
REJECTED insufficient-funds account=acc-07 balance=222.39 requested=234.72
OK 415 acc-19 -0.37 0.93
OK 416 acc-05 -8.84 91.19
OK 417 acc-15 UNFROZEN
REJECTED account-closed account=acc-06
BALANCE acc-04 10.06 EUR
OK 418 acc-14 UNFROZEN
OK 419 acc-12 FROZEN
BALANCE acc-04 10.06 EUR
REJECTED non-positive-amount account=acc-17 amount=0.00
OK 420 acc-17 +501.87 524.82
OK 421 acc-17 -243.64 281.18
REJECTED non-zero-balance account=acc-15 balance=3.23
OK 422 acc-14 -4.93 0.46
OK 423 acc-14 +1.85 2.31
REJECTED unsupported-currency currency=BTC
OK 424 acc-12 UNFROZEN
REJECTED account-exists account=acc-01
BALANCE acc-07 222.39 GBP
OK 425 acc-07 -13.21 209.18
OK 426 acc-02 FROZEN
OK 427 acc-15 +100.75 103.98
OK 428 acc-12 -426.24 385.66
OK 429 acc-04 +125.38 135.44
ERROR bad-currency US
ERROR bad-amount .5
OK 430 acc-15 -15.12 88.86
OK 431 acc-12 +10.91 396.57
OK 432 acc-14 +25.20 27.51
OK 433 acc-15 -32.72 56.14
OK 434 acc-14 +2.75 30.26
REJECTED account-frozen account=acc-02
ERROR unknown-command deposit
ERROR bad-arguments BALANCE
OK 435 acc-12 +500.52 897.09
REJECTED insufficient-funds account=acc-12 balance=897.09 requested=943.50
BALANCE acc-05 91.19 GBP
REJECTED unknown-account account=ghost-29
BALANCE acc-15 56.14 EUR
REJECTED insufficient-funds account=acc-10 balance=165.17 requested=210.99
BALANCE acc-07 209.18 GBP
REJECTED account-frozen account=acc-02
OK 436 acc-02 UNFROZEN
OK 437 acc-04 -54.04 81.40
OK 438 acc-02 -231.14 319.38
OK 439 acc-05 +1.08 92.27
BALANCE acc-05 92.27 GBP
BALANCE acc-17 281.18 GBP
REJECTED unknown-account account=ghost-30
REJECTED account-exists account=acc-02
ERROR bad-account-id ACC-05
OK 440 acc-07 +12.47 221.65
ERROR unknown-command HELP
OK 441 acc-02 -249.56 69.82
OK 442 acc-14 +2.66 32.92
REJECTED unsupported-currency currency=JPY
OK 443 acc-07 +25.71 247.36
OK 444 acc-07 +11.10 258.46
REJECTED account-closed account=acc-13
OK 445 acc-04 FROZEN
REJECTED non-zero-balance account=acc-15 balance=56.14
OK 446 acc-02 -9.70 60.12
OK 447 acc-20 +10.08 90.08
BALANCE acc-07 258.46 GBP
OK 448 acc-05 FROZEN
REJECTED non-positive-amount account=acc-10 amount=0.00
ERROR bad-arguments WITHDRAW
OK 449 acc-19 +79.78 80.71
OK 450 acc-05 UNFROZEN
BALANCE acc-15 56.14 EUR
OK 451 acc-03 -281.89 16.30
OK 452 acc-02 +26.35 86.47
OK 453 acc-05 +10.71 102.98
REJECTED account-frozen account=acc-04
OK 454 acc-17 FROZEN
REJECTED account-exists account=acc-07
OK 455 acc-07 -103.33 155.13
OK 456 acc-05 -96.75 6.23
OK 457 acc-04 UNFROZEN
REJECTED non-positive-amount account=acc-20 amount=-1.00
ERROR bad-currency $
OK 458 acc-17 UNFROZEN
REJECTED unsupported-currency currency=BTC
ERROR bad-amount 5,50
BALANCE acc-17 281.18 GBP
ERROR bad-account-id acc-02!
OK 459 acc-12 +0.69 897.78
OK 460 acc-03 -6.31 9.99
OK 461 acc-14 -22.63 10.29
REJECTED insufficient-funds account=acc-14 balance=10.29 requested=19.52
OK 462 acc-19 +500.04 580.75
OK 463 acc-19 -212.31 368.44
OK 464 acc-20 FROZEN
OK 465 acc-12 FROZEN
ERROR bad-currency usd
BALANCE acc-05 6.23 GBP
OK 466 acc-17 FROZEN
OK 467 acc-07 -90.41 64.72
ERROR unknown-command balance
OK 468 acc-07 -23.07 41.65
OK 469 acc-19 -171.09 197.35
REJECTED unknown-account account=ghost-31
OK 470 acc-07 -20.34 21.31
OK 471 acc-12 UNFROZEN
REJECTED non-zero-balance account=acc-10 balance=165.17
REJECTED account-closed account=acc-01
OK 472 acc-12 -732.98 164.80
OK 473 acc-04 FROZEN
OK 474 acc-12 -45.88 118.92
OK 475 acc-14 +0.75 11.04
OK 476 acc-03 +1.08 11.07
OK 477 acc-19 +2.74 200.09
OK 478 acc-05 +124.64 130.87
OK 479 acc-05 -122.81 8.06
BALANCE acc-02 86.47 GBP
REJECTED account-exists account=acc-17
REJECTED account-closed account=acc-01
OK 480 acc-07 +2.43 23.74
OK 481 acc-03 -7.89 3.18
REJECTED unknown-account account=ghost-32
BALANCE acc-14 11.04 USD
BALANCE acc-03 3.18 USD
OK 482 acc-14 +1.04 12.08
OK 483 acc-20 UNFROZEN
REJECTED non-zero-balance account=acc-07 balance=23.74
OK 484 acc-07 -6.01 17.73
REJECTED insufficient-funds account=acc-20 balance=90.08 requested=130.83
OK 485 acc-14 FROZEN
BALANCE acc-19 200.09 EUR
OK 486 acc-07 +125.66 143.39
BALANCE acc-05 8.06 GBP
BALANCE acc-20 90.08 GBP
REJECTED unsupported-currency currency=CHF
OK 487 acc-14 UNFROZEN
BALANCE acc-02 86.47 GBP
OK 488 acc-19 -190.20 9.89
ERROR bad-account-id Acc-9
OK 489 acc-20 +12.47 102.55
OK 490 acc-12 +124.66 243.58
ERROR bad-amount 5.
BALANCE acc-03 3.18 USD
OK 491 acc-03 -2.02 1.16
REJECTED account-frozen account=acc-17
OK 492 acc-05 +0.12 8.18
OK 493 acc-04 UNFROZEN
OK 494 acc-02 FROZEN
REJECTED non-positive-amount account=acc-19 amount=-1.00
OK 495 acc-04 +125.63 207.03
REJECTED non-zero-balance account=acc-14 balance=12.08
OK 496 acc-02 UNFROZEN
REJECTED non-positive-amount account=acc-04 amount=0.00
REJECTED account-closed account=acc-06
OK 497 acc-02 +124.64 211.11
OK 498 acc-12 +102.03 345.61
OK 499 acc-07 +27.45 170.84
OK 500 acc-05 +1.93 10.11
REJECTED account-frozen account=acc-17
REJECTED account-exists account=acc-04
ERROR bad-arguments CLOSE
BALANCE acc-02 211.11 GBP
OK 501 acc-12 +2.81 348.42
ERROR bad-amount 5,50
OK 502 acc-04 +2.88 209.91
REJECTED unsupported-currency currency=XXX
ERROR bad-currency $
REJECTED insufficient-funds account=acc-04 balance=209.91 requested=242.86
REJECTED unknown-account account=ghost-33
OK 503 acc-05 -5.57 4.54
OK 504 acc-12 +1.65 350.07
OK 505 acc-15 -18.11 38.03
ERROR bad-arguments BALANCE
OK 506 acc-04 -90.54 119.37
REJECTED account-frozen account=acc-17
OK 507 acc-04 -67.88 51.49
ERROR bad-account-id acc-14!
OK 508 acc-02 +80.16 291.27
REJECTED unknown-account account=ghost-34
REJECTED non-zero-balance account=acc-05 balance=4.54
OK 509 acc-07 +3.33 174.17
OK 510 acc-14 +501.11 513.19
OK 511 acc-07 +1.64 175.81
BALANCE acc-10 165.17 USD
OK 512 acc-04 -46.40 5.09
BALANCE acc-17 281.18 GBP
BALANCE acc-05 4.54 GBP
OK 513 acc-04 -0.91 4.18
REJECTED insufficient-funds account=acc-15 balance=38.03 requested=38.51
REJECTED account-exists account=acc-06
REJECTED account-closed account=acc-13
REJECTED non-positive-amount account=acc-10 amount=-0.01
BALANCE acc-04 4.18 EUR
OK 514 acc-17 UNFROZEN
BALANCE acc-15 38.03 EUR
BALANCE acc-03 1.16 USD
OK 515 acc-02 +77.91 369.18
OK 516 acc-04 +26.35 30.53
OK 517 acc-03 -0.19 0.97
REJECTED unsupported-currency currency=BTC
OK 518 acc-17 FROZEN
OK 519 acc-14 -303.02 210.17
OK 520 acc-14 +2.11 212.28
BALANCE acc-19 9.89 EUR
BALANCE acc-20 102.55 GBP
OK 521 acc-03 -0.10 0.87
OK 522 acc-07 FROZEN
OK 523 acc-19 +4.89 14.78
OK 524 acc-04 -2.63 27.90
REJECTED insufficient-funds account=acc-05 balance=4.54 requested=52.93
OK 525 acc-02 +78.59 447.77
OK 526 acc-15 +1.00 39.03
REJECTED account-closed account=acc-09
OK 527 acc-12 -98.22 251.85
OK 528 acc-15 +12.30 51.33
OK 529 acc-03 +10.86 11.73
OK 530 acc-17 UNFROZEN
REJECTED unsupported-currency currency=BTC
REJECTED non-positive-amount account=acc-14 amount=-1.00
ERROR unknown-command HELP
OK 531 acc-19 +0.55 15.33
ERROR bad-arguments DEPOSIT
BALANCE acc-12 251.85 EUR
REJECTED account-exists account=acc-05
OK 532 acc-15 -31.09 20.24
OK 533 acc-17 +2.82 284.00
BALANCE acc-19 15.33 EUR
REJECTED non-zero-balance account=acc-17 balance=284.00
REJECTED unknown-account account=ghost-35
REJECTED account-frozen account=acc-07
OK 534 acc-02 +124.94 572.71
BALANCE acc-04 27.90 EUR
REJECTED account-exists account=acc-17
OK 535 acc-02 FROZEN
OK 536 acc-03 FROZEN
OK 537 acc-05 -1.15 3.39
OK 538 acc-17 +501.39 785.39
REJECTED unsupported-currency currency=CHF
OK 539 acc-19 +11.57 26.90
OK 540 acc-19 -12.36 14.54
OK 541 acc-15 -10.01 10.23
OK 542 acc-04 -25.25 2.65
REJECTED unknown-account account=ghost-36
BALANCE acc-12 251.85 EUR
OK 543 acc-19 -0.28 14.26
REJECTED non-positive-amount account=acc-10 amount=0.00
OK 544 acc-17 +2.75 788.14
OK 545 acc-15 -9.97 0.26
OK 546 acc-03 UNFROZEN
OK 547 acc-10 FROZEN
OK 548 acc-05 -1.48 1.91
OK 549 acc-17 -335.10 453.04
OK 550 acc-19 +2.52 16.78
ERROR bad-currency EURO
OK 551 acc-20 -91.04 11.51
OK 552 acc-07 UNFROZEN
OK 553 acc-04 FROZEN
OK 554 acc-19 -13.09 3.69
REJECTED account-closed account=acc-06
OK 555 acc-05 -0.92 0.99
REJECTED insufficient-funds account=acc-19 balance=3.69 requested=6.63
OK 556 acc-12 -155.85 96.00
OK 557 acc-05 +1.02 2.01
OK 558 acc-17 +123.70 576.74
OK 559 acc-05 +25.89 27.90
