OK 1 alice OPENED USD
OK 2 bob OPENED EUR
OK 3 carol OPENED GBP
OK 4 alice +100.00 100.00
OK 5 bob +200.00 200.00
OK 6 carol +300.00 300.00
OK 7 alice -40.00 60.00
OK 8 bob -0.50 199.50
OK 9 carol FROZEN
REJECTED account-frozen account=carol
OK 10 carol UNFROZEN
OK 11 carol -300.00 0.00
OK 12 carol CLOSED
OK 13 bob FROZEN
OK 14 dave OPENED USD
OK 15 dave +12.34 12.34
BALANCE alice 60.00 USD
BALANCE alice 60.00 USD
BALANCE bob 199.50 EUR
BALANCE dave 12.34 USD
REJECTED account-frozen account=bob
REJECTED account-closed account=carol
REJECTED account-exists account=alice
REJECTED account-exists account=carol
OK 16 alice +5.00 65.00
OK 17 bob UNFROZEN
OK 18 bob -199.50 0.00
OK 19 bob CLOSED
OK 20 alice -65.00 0.00
REJECTED insufficient-funds account=alice balance=0.00 requested=0.01
OK 21 erin OPENED EUR
OK 22 erin +1.00 1.00
BALANCE erin 1.00 EUR
