OK 1 r1 OPENED USD
OK 2 r2 OPENED EUR
OK 3 r3 OPENED GBP
OK 4 r1 +1.00 1.00
OK 5 r1 +2.00 3.00
OK 6 r1 +3.00 6.00
OK 7 r2 +100.00 100.00
OK 8 r3 +0.01 0.01
OK 9 r2 -99.99 0.01
OK 10 r2 FROZEN
OK 11 r2 FROZEN
OK 12 r3 -0.01 0.00
OK 13 r3 CLOSED
OK 14 r1 +4.00 10.00
OK 15 r1 +5.00 15.00
OK 16 r1 -15.00 0.00
OK 17 r1 +0.50 0.50
OK 18 r1 FROZEN
OK 19 r1 UNFROZEN
OK 20 r4 OPENED USD
BALANCE r1 0.50 USD
OK 21 r1 +0.50 1.00
REJECTED account-frozen account=r2
OK 22 r2 UNFROZEN
OK 23 r2 -0.01 0.00
REJECTED account-closed account=r3
REJECTED account-exists account=r3
BALANCE r1 1.00 USD
BALANCE r2 0.00 EUR
BALANCE r4 0.00 USD
OK 24 r2 CLOSED
REJECTED non-zero-balance account=r1 balance=1.00
OK 25 r1 -1.00 0.00
OK 26 r1 CLOSED
REJECTED account-closed account=r1
